../Core/Src/main.c:70:5:main	8	static
../Core/Src/main.c:123:6:SystemClock_Config	72	static
../Core/Src/main.c:160:13:MX_NVIC_Init	8	static
../Core/Src/main.c:181:13:MX_TIM2_Init	32	static
../Core/Src/main.c:226:13:MX_TIM3_Init	32	static
../Core/Src/main.c:271:13:MX_TIM4_Init	32	static
../Core/Src/main.c:316:13:MX_GPIO_Init	32	static
../Core/Src/main.c:342:6:HAL_TIM_PeriodElapsedCallback	16	static
../Core/Src/main.c:358:6:HAL_GPIO_EXTI_Callback	16	static
../Core/Src/main.c:382:6:Error_Handler	4	static,ignoring_inline_asm
